[ec2-user@redhatserver1 ~]$ git status
fatal: not a git repository (or any of the parent directories): .git
[ec2-user@redhatserver1 ~]$ sudo su - petrus
Last login: Sat May 27 16:17:48 UTC 2023 on pts/1
[petrus@redhatserver1 ~]$ cd paypal
[petrus@redhatserver1 paypal]$ git status
On branch master

No commits yet

Untracked files:
  (use "git add <file>..." to include in what will be committed)
        listt

nothing added to commit but untracked files present (use "git add" to track)
[petrus@redhatserver1 paypal]$ git add .
[petrus@redhatserver1 paypal]$ git status
On branch master

No commits yet

Changes to be committed:
  (use "git rm --cached <file>..." to unstage)
        new file:   listt

[petrus@redhatserver1 paypal]$ git commit -m
error: switch `m' requires a value
[petrus@redhatserver1 paypal]$ git commit -m "first commit"
Author identity unknown

*** Please tell me who you are.

Run

  git config --global user.email "you@example.com"
  git config --global user.name "Your Name"

to set your account's default identity.
Omit --global to set the identity only in this repository.

fatal: unable to auto-detect email address (got 'petrus@redhatserver1.(none)')
[petrus@redhatserver1 paypal]$  git config --global user.email "petupetrus730@gmail.com.com"
[petrus@redhatserver1 paypal]$   git config --global user.name "petrus nnolim"
[petrus@redhatserver1 paypal]$ git log
fatal: your current branch 'master' does not have any commits yet
[petrus@redhatserver1 paypal]$ git commit -m "first commit"
[master (root-commit) d341c6f] first commit
 1 file changed, 5 insertions(+)
 create mode 100644 listt
[petrus@redhatserver1 paypal]$ git log
commit d341c6f497b772cffc1a143d22ac759656f32f84 (HEAD -> master)
Author: petrus nnolim <petupetrus730@gmail.com.com>
Date:   Sat May 27 16:32:42 2023 +0000

    first commit
bugs removed
